// Jest Snapshot v1, https://goo.gl/fbAQLP

exports[`Cart checkout should return an object with the total an the lis of items: 
        Object {
          "items": Array [
            Object {
              "product": Object {
                "price": 35388,
                "title": "Adidas running shoes - men",
              },
              "quantity": 2,
            },
            Object {
              "product": Object {
                "price": 41872,
                "title": "Adidas running shoes - women",
              },
              "quantity": 1,
            },
          ],
          "total": 112648,
        }
       1`] = `
Object {
  "items": Array [
    Object {
      "product": Object {
        "price": 35388,
        "title": "Adidas running shoes - men",
      },
      "quantity": 2,
    },
    Object {
      "product": Object {
        "price": 41872,
        "title": "Adidas running shoes - women",
      },
      "quantity": 1,
    },
  ],
  "total": 112648,
}
`;
